Archive member included to satisfy reference by file (symbol)

C:/ST/STM32CubeIDE_1.14.0/STM32CubeIDE/plugins/com.st.stm32cube.ide.mcu.externaltools.gnu-tools-for-stm32.11.3.rel1.win32_1.1.100.202309141235/tools/bin/../lib/gcc/arm-none-eabi/11.3.1/../../../../arm-none-eabi/lib/thumb/v7e-m+fp/hard\libc_nano.a(libc_a-exit.o)
                              C:/ST/STM32CubeIDE_1.14.0/STM32CubeIDE/plugins/com.st.stm32cube.ide.mcu.externaltools.gnu-tools-for-stm32.11.3.rel1.win32_1.1.100.202309141235/tools/bin/../lib/gcc/arm-none-eabi/11.3.1/../../../../arm-none-eabi/lib/thumb/v7e-m+fp/hard/crt0.o (exit)
C:/ST/STM32CubeIDE_1.14.0/STM32CubeIDE/plugins/com.st.stm32cube.ide.mcu.externaltools.gnu-tools-for-stm32.11.3.rel1.win32_1.1.100.202309141235/tools/bin/../lib/gcc/arm-none-eabi/11.3.1/../../../../arm-none-eabi/lib/thumb/v7e-m+fp/hard\libc_nano.a(libc_a-findfp.o)
                              C:/ST/STM32CubeIDE_1.14.0/STM32CubeIDE/plugins/com.st.stm32cube.ide.mcu.externaltools.gnu-tools-for-stm32.11.3.rel1.win32_1.1.100.202309141235/tools/bin/../lib/gcc/arm-none-eabi/11.3.1/../../../../arm-none-eabi/lib/thumb/v7e-m+fp/hard\libc_nano.a(libc_a-exit.o) (__stdio_exit_handler)
C:/ST/STM32CubeIDE_1.14.0/STM32CubeIDE/plugins/com.st.stm32cube.ide.mcu.externaltools.gnu-tools-for-stm32.11.3.rel1.win32_1.1.100.202309141235/tools/bin/../lib/gcc/arm-none-eabi/11.3.1/../../../../arm-none-eabi/lib/thumb/v7e-m+fp/hard\libc_nano.a(libc_a-fwalk.o)
                              C:/ST/STM32CubeIDE_1.14.0/STM32CubeIDE/plugins/com.st.stm32cube.ide.mcu.externaltools.gnu-tools-for-stm32.11.3.rel1.win32_1.1.100.202309141235/tools/bin/../lib/gcc/arm-none-eabi/11.3.1/../../../../arm-none-eabi/lib/thumb/v7e-m+fp/hard\libc_nano.a(libc_a-findfp.o) (_fwalk_sglue)
C:/ST/STM32CubeIDE_1.14.0/STM32CubeIDE/plugins/com.st.stm32cube.ide.mcu.externaltools.gnu-tools-for-stm32.11.3.rel1.win32_1.1.100.202309141235/tools/bin/../lib/gcc/arm-none-eabi/11.3.1/../../../../arm-none-eabi/lib/thumb/v7e-m+fp/hard\libc_nano.a(libc_a-stdio.o)
                              C:/ST/STM32CubeIDE_1.14.0/STM32CubeIDE/plugins/com.st.stm32cube.ide.mcu.externaltools.gnu-tools-for-stm32.11.3.rel1.win32_1.1.100.202309141235/tools/bin/../lib/gcc/arm-none-eabi/11.3.1/../../../../arm-none-eabi/lib/thumb/v7e-m+fp/hard\libc_nano.a(libc_a-findfp.o) (__sread)
C:/ST/STM32CubeIDE_1.14.0/STM32CubeIDE/plugins/com.st.stm32cube.ide.mcu.externaltools.gnu-tools-for-stm32.11.3.rel1.win32_1.1.100.202309141235/tools/bin/../lib/gcc/arm-none-eabi/11.3.1/../../../../arm-none-eabi/lib/thumb/v7e-m+fp/hard\libc_nano.a(libc_a-memset.o)
                              C:/ST/STM32CubeIDE_1.14.0/STM32CubeIDE/plugins/com.st.stm32cube.ide.mcu.externaltools.gnu-tools-for-stm32.11.3.rel1.win32_1.1.100.202309141235/tools/bin/../lib/gcc/arm-none-eabi/11.3.1/../../../../arm-none-eabi/lib/thumb/v7e-m+fp/hard/crt0.o (memset)
C:/ST/STM32CubeIDE_1.14.0/STM32CubeIDE/plugins/com.st.stm32cube.ide.mcu.externaltools.gnu-tools-for-stm32.11.3.rel1.win32_1.1.100.202309141235/tools/bin/../lib/gcc/arm-none-eabi/11.3.1/../../../../arm-none-eabi/lib/thumb/v7e-m+fp/hard\libc_nano.a(libc_a-closer.o)
                              C:/ST/STM32CubeIDE_1.14.0/STM32CubeIDE/plugins/com.st.stm32cube.ide.mcu.externaltools.gnu-tools-for-stm32.11.3.rel1.win32_1.1.100.202309141235/tools/bin/../lib/gcc/arm-none-eabi/11.3.1/../../../../arm-none-eabi/lib/thumb/v7e-m+fp/hard\libc_nano.a(libc_a-stdio.o) (_close_r)
C:/ST/STM32CubeIDE_1.14.0/STM32CubeIDE/plugins/com.st.stm32cube.ide.mcu.externaltools.gnu-tools-for-stm32.11.3.rel1.win32_1.1.100.202309141235/tools/bin/../lib/gcc/arm-none-eabi/11.3.1/../../../../arm-none-eabi/lib/thumb/v7e-m+fp/hard\libc_nano.a(libc_a-reent.o)
                              C:/ST/STM32CubeIDE_1.14.0/STM32CubeIDE/plugins/com.st.stm32cube.ide.mcu.externaltools.gnu-tools-for-stm32.11.3.rel1.win32_1.1.100.202309141235/tools/bin/../lib/gcc/arm-none-eabi/11.3.1/../../../../arm-none-eabi/lib/thumb/v7e-m+fp/hard\libc_nano.a(libc_a-closer.o) (errno)
C:/ST/STM32CubeIDE_1.14.0/STM32CubeIDE/plugins/com.st.stm32cube.ide.mcu.externaltools.gnu-tools-for-stm32.11.3.rel1.win32_1.1.100.202309141235/tools/bin/../lib/gcc/arm-none-eabi/11.3.1/../../../../arm-none-eabi/lib/thumb/v7e-m+fp/hard\libc_nano.a(libc_a-impure.o)
                              C:/ST/STM32CubeIDE_1.14.0/STM32CubeIDE/plugins/com.st.stm32cube.ide.mcu.externaltools.gnu-tools-for-stm32.11.3.rel1.win32_1.1.100.202309141235/tools/bin/../lib/gcc/arm-none-eabi/11.3.1/../../../../arm-none-eabi/lib/thumb/v7e-m+fp/hard\libc_nano.a(libc_a-reent.o) (_impure_ptr)
C:/ST/STM32CubeIDE_1.14.0/STM32CubeIDE/plugins/com.st.stm32cube.ide.mcu.externaltools.gnu-tools-for-stm32.11.3.rel1.win32_1.1.100.202309141235/tools/bin/../lib/gcc/arm-none-eabi/11.3.1/../../../../arm-none-eabi/lib/thumb/v7e-m+fp/hard\libc_nano.a(libc_a-lseekr.o)
[...]
Memory Configuration

Name             Origin             Length             Attributes
CCMSRAM          0x0000000010000000 0x0000000000008000 xrw
RAM              0x0000000020000000 0x0000000000020000 xrw
FLASH            0x0000000008000000 0x0000000000080000 xr
*default*        0x0000000000000000 0xffffffffffffffff

Linker script and memory map

LOAD C:/ST/STM32CubeIDE_1.14.0/STM32CubeIDE/plugins/com.st.stm32cube.ide.mcu.externaltools.gnu-tools-for-stm32.11.3.rel1.win32_1.1.100.202309141235/tools/bin/../lib/gcc/arm-none-eabi/11.3.1/thumb/v7e-m+fp/hard/crti.o
LOAD C:/ST/STM32CubeIDE_1.14.0/STM32CubeIDE/plugins/com.st.stm32cube.ide.mcu.externaltools.gnu-tools-for-stm32.11.3.rel1.win32_1.1.100.202309141235/tools/bin/../lib/gcc/arm-none-eabi/11.3.1/thumb/v7e-m+fp/hard/crtbegin.o
LOAD C:/ST/STM32CubeIDE_1.14.0/STM32CubeIDE/plugins/com.st.stm32cube.ide.mcu.externaltools.gnu-tools-for-stm32.11.3.rel1.win32_1.1.100.202309141235/tools/bin/../lib/gcc/arm-none-eabi/11.3.1/../../../../arm-none-eabi/lib/thumb/v7e-m+fp/hard/crt0.o
LOAD ./Src/button_hw.o
LOAD ./Src/interrupts.o
LOAD ./Src/led.o
LOAD ./Src/main.o
LOAD ./Src/software_timers.o
LOAD ./Src/sys_clocks.o
LOAD ./Src/syscalls.o
LOAD ./Src/sysmem.o
LOAD ./Startup/startup_stm32g474retx.o
START GROUP
LOAD C:/ST/STM32CubeIDE_1.14.0/STM32CubeIDE/plugins/com.st.stm32cube.ide.mcu.externaltools.gnu-tools-for-stm32.11.3.rel1.win32_1.1.100.202309141235/tools/bin/../lib/gcc/arm-none-eabi/11.3.1/../../../../arm-none-eabi/lib/thumb/v7e-m+fp/hard\libc_nano.a
LOAD C:/ST/STM32CubeIDE_1.14.0/STM32CubeIDE/plugins/com.st.stm32cube.ide.mcu.externaltools.gnu-tools-for-stm32.11.3.rel1.win32_1.1.100.202309141235/tools/bin/../lib/gcc/arm-none-eabi/11.3.1/../../../../arm-none-eabi/lib/thumb/v7e-m+fp/hard\libm.a
END GROUP
START GROUP
LOAD C:/ST/STM32CubeIDE_1.14.0/STM32CubeIDE/plugins/com.st.stm32cube.ide.mcu.externaltools.gnu-tools-for-stm32.11.3.rel1.win32_1.1.100.202309141235/tools/bin/../lib/gcc/arm-none-eabi/11.3.1/thumb/v7e-m+fp/hard\libgcc.a
LOAD C:/ST/STM32CubeIDE_1.14.0/STM32CubeIDE/plugins/com.st.stm32cube.ide.mcu.externaltools.gnu-tools-for-stm32.11.3.rel1.win32_1.1.100.202309141235/tools/bin/../lib/gcc/arm-none-eabi/11.3.1/../../../../arm-none-eabi/lib/thumb/v7e-m+fp/hard\libc_nano.a
END GROUP
START GROUP
LOAD C:/ST/STM32CubeIDE_1.14.0/STM32CubeIDE/plugins/com.st.stm32cube.ide.mcu.externaltools.gnu-tools-for-stm32.11.3.rel1.win32_1.1.100.202309141235/tools/bin/../lib/gcc/arm-none-eabi/11.3.1/thumb/v7e-m+fp/hard\libgcc.a
LOAD C:/ST/STM32CubeIDE_1.14.0/STM32CubeIDE/plugins/com.st.stm32cube.ide.mcu.externaltools.gnu-tools-for-stm32.11.3.rel1.win32_1.1.100.202309141235/tools/bin/../lib/gcc/arm-none-eabi/11.3.1/../../../../arm-none-eabi/lib/thumb/v7e-m+fp/hard\libc_nano.a
LOAD C:/ST/STM32CubeIDE_1.14.0/STM32CubeIDE/plugins/com.st.stm32cube.ide.mcu.externaltools.gnu-tools-for-stm32.11.3.rel1.win32_1.1.100.202309141235/tools/bin/../lib/gcc/arm-none-eabi/11.3.1/../../../../arm-none-eabi/lib/thumb/v7e-m+fp/hard\libnosys.a
END GROUP
START GROUP
LOAD C:/ST/STM32CubeIDE_1.14.0/STM32CubeIDE/plugins/com.st.stm32cube.ide.mcu.externaltools.gnu-tools-for-stm32.11.3.rel1.win32_1.1.100.202309141235/tools/bin/../lib/gcc/arm-none-eabi/11.3.1/thumb/v7e-m+fp/hard\libgcc.a
LOAD C:/ST/STM32CubeIDE_1.14.0/STM32CubeIDE/plugins/com.st.stm32cube.ide.mcu.externaltools.gnu-tools-for-stm32.11.3.rel1.win32_1.1.100.202309141235/tools/bin/../lib/gcc/arm-none-eabi/11.3.1/../../../../arm-none-eabi/lib/thumb/v7e-m+fp/hard\libc_nano.a
LOAD C:/ST/STM32CubeIDE_1.14.0/STM32CubeIDE/plugins/com.st.stm32cube.ide.mcu.externaltools.gnu-tools-for-stm32.11.3.rel1.win32_1.1.100.202309141235/tools/bin/../lib/gcc/arm-none-eabi/11.3.1/../../../../arm-none-eabi/lib/thumb/v7e-m+fp/hard\libnosys.a
END GROUP
LOAD C:/ST/STM32CubeIDE_1.14.0/STM32CubeIDE/plugins/com.st.stm32cube.ide.mcu.externaltools.gnu-tools-for-stm32.11.3.rel1.win32_1.1.100.202309141235/tools/bin/../lib/gcc/arm-none-eabi/11.3.1/thumb/v7e-m+fp/hard/crtend.o
LOAD C:/ST/STM32CubeIDE_1.14.0/STM32CubeIDE/plugins/com.st.stm32cube.ide.mcu.externaltools.gnu-tools-for-stm32.11.3.rel1.win32_1.1.100.202309141235/tools/bin/../lib/gcc/arm-none-eabi/11.3.1/thumb/v7e-m+fp/hard/crtn.o
                0x0000000020020000                _estack = (ORIGIN (RAM) + LENGTH (RAM))
                0x0000000000000200                _Min_Heap_Size = 0x200
                0x0000000000000400                _Min_Stack_Size = 0x400

.isr_vector     0x0000000008000000      0x1d8
                0x0000000008000000                . = ALIGN (0x4)
 *(.isr_vector)
 .isr_vector    0x0000000008000000      0x1d8 ./Startup/startup_stm32g474retx.o
                0x0000000008000000                g_pfnVectors
                0x00000000080001d8                . = ALIGN (0x4)

.text           0x00000000080001d8      0x5b8
                0x00000000080001d8                . = ALIGN (0x4)
 *(.text)
 .text          0x00000000080001d8       0x40 C:/ST/STM32CubeIDE_1.14.0/STM32CubeIDE/plugins/com.st.stm32cube.ide.mcu.externaltools.gnu-tools-for-stm32.11.3.rel1.win32_1.1.100.202309141235/tools/bin/../lib/gcc/arm-none-eabi/11.3.1/thumb/v7e-m+fp/hard/crtbegin.o
 *(.text*)
 .text.__NVIC_EnableIRQ
                0x0000000008000218       0x3c ./Src/button_hw.o
 .text.__NVIC_SetPriority
                0x0000000008000254       0x54 ./Src/button_hw.o
 .text.NVIC_EncodePriority
                0x00000000080002a8       0x66 ./Src/button_hw.o
 *fill*         0x000000000800030e        0x2 
 .text.B1_GPIO_Init
                0x0000000008000310       0x30 ./Src/button_hw.o
                0x0000000008000310                B1_GPIO_Init
 .text.B1_EXTI_Init
                0x0000000008000340       0x4c ./Src/button_hw.o
                0x0000000008000340                B1_EXTI_Init
 .text.B1_NVIC_Config
                0x000000000800038c       0x22 ./Src/button_hw.o
                0x000000000800038c                B1_NVIC_Config
 *fill*         0x00000000080003ae        0x2 
 .text.EXTI15_10_IRQHandler
                0x00000000080003b0       0x28 ./Src/interrupts.o
                0x00000000080003b0                EXTI15_10_IRQHandler
 .text.LED_LD2_Init
                0x00000000080003d8       0x30 ./Src/led.o
                0x00000000080003d8                LED_LD2_Init
 .text.LED_LD2_Toggle
                0x0000000008000408       0x1e ./Src/led.o
                0x0000000008000408                LED_LD2_Toggle
 *fill*         0x0000000008000426        0x2 
 .text.__NVIC_SetPriorityGrouping
                0x0000000008000428       0x48 ./Src/main.o
 .text.main     0x0000000008000470       0x40 ./Src/main.o
                0x0000000008000470                main
 .text.TaskLD2  0x00000000080004b0        0xc ./Src/main.o
                0x00000000080004b0                TaskLD2
 .text.SoftTimerEvent
                0x00000000080004bc       0x44 ./Src/software_timers.o
                0x00000000080004bc                SoftTimerEvent
 .text.SoftTimerAction
                0x0000000008000500       0x1c ./Src/software_timers.o
                0x0000000008000500                SoftTimerAction
 .text.SoftTimerStart
                0x000000000800051c       0x28 ./Src/software_timers.o
                0x000000000800051c                SoftTimerStart
 .text.__NVIC_SetPriority
                0x0000000008000544       0x54 ./Src/sys_clocks.o
 .text.SysTick_Config
                0x0000000008000598       0x44 ./Src/sys_clocks.o
 .text.SystemClockPLL48
                0x00000000080005dc       0xb8 ./Src/sys_clocks.o
                0x00000000080005dc                SystemClockPLL48
 .text.SystemClockSetup
                0x0000000008000694       0x14 ./Src/sys_clocks.o
                0x0000000008000694                SystemClockSetup
 .text.SysTick_Handler
                0x00000000080006a8       0x1c ./Src/sys_clocks.o
                0x00000000080006a8                SysTick_Handler
 .text.GetSystemTick
                0x00000000080006c4       0x18 ./Src/sys_clocks.o
                0x00000000080006c4                GetSystemTick
 .text.Reset_Handler
                0x00000000080006dc       0x50 ./Startup/startup_stm32g474retx.o
                0x00000000080006dc                Reset_Handler
 .text.Default_Handler
                0x000000000800072c        0x2 ./Startup/startup_stm32g474retx.o
                0x000000000800072c                EXTI2_IRQHandler
                0x000000000800072c                TIM8_TRG_COM_IRQHandler
                0x000000000800072c                TIM8_CC_IRQHandler
                0x000000000800072c                DMA2_CH8_IRQHandler
                0x000000000800072c                DebugMon_Handler
                0x000000000800072c                DMA1_CH4_IRQHandler
                0x000000000800072c                SPI4_IRQHandler
                0x000000000800072c                HRTIM_TIM_FLT_IRQn_IRQHandler
                0x000000000800072c                FDCAN3_IT0_IRQHandler
                0x000000000800072c                TIM1_CC_IRQHandler
                0x000000000800072c                Cordic_IRQHandler
                0x000000000800072c                HardFault_Handler
                0x000000000800072c                USB_HP_IRQHandler
                0x000000000800072c                PendSV_Handler
                0x000000000800072c                NMI_Handler
                0x000000000800072c                HRTIM_TIMD_IRQn_IRQHandler
                0x000000000800072c                EXTI3_IRQHandler
                0x000000000800072c                I2C3_ER_IRQHandler
                0x000000000800072c                HRTIM_Master_IRQn_IRQHandler
                0x000000000800072c                DMA1_CH8_IRQHandler
                0x000000000800072c                TIM6_DACUNDER_IRQHandler
                0x000000000800072c                EXTI0_IRQHandler
                0x000000000800072c                I2C2_EV_IRQHandler
                0x000000000800072c                DMA2_CH1_IRQHandler
                0x000000000800072c                FDCAN1_IT1_IRQHandler
                0x000000000800072c                TIM1_UP_TIM16_IRQHandler
                0x000000000800072c                DMA2_CH7_IRQHandler
                0x000000000800072c                UsageFault_Handler
                0x000000000800072c                ADC1_2_IRQHandler
                0x000000000800072c                SPI1_IRQHandler
                0x000000000800072c                DMA1_CH7_IRQHandler
                0x000000000800072c                HRTIM_TIMB_IRQn_IRQHandler
                0x000000000800072c                TIM8_UP_IRQHandler
                0x000000000800072c                USBWakeUP_IRQHandler
                0x000000000800072c                RTC_ALARM_IRQHandler
                0x000000000800072c                DMA1_CH6_IRQHandler
                0x000000000800072c                TIM20_TRG_COM_IRQHandler
                0x000000000800072c                USART3_IRQHandler
                0x000000000800072c                LPUART_IRQHandler
                0x000000000800072c                UART5_IRQHandler
                0x000000000800072c                ADC3_IRQHandler
                0x000000000800072c                TIM4_IRQHandler
                0x000000000800072c                QUADSPI_IRQHandler
                0x000000000800072c                I2C1_EV_IRQHandler
                0x000000000800072c                DMA2_CH5_IRQHandler
                0x000000000800072c                UART4_IRQHandler
                0x000000000800072c                DMA1_CH3_IRQHandler
                0x000000000800072c                TIM3_IRQHandler
                0x000000000800072c                RCC_IRQHandler
                0x000000000800072c                TIM20_UP_IRQHandler
                0x000000000800072c                TIM1_TRG_COM_IRQHandler
                0x000000000800072c                Default_Handler
                0x000000000800072c                FMAC_IRQHandler
                0x000000000800072c                TIM7_IRQHandler
                0x000000000800072c                FDCAN3_IT1_IRQHandler
                0x000000000800072c                TIM5_IRQHandler
                0x000000000800072c                UCPD1_IRQHandler
                0x000000000800072c                I2C3_EV_IRQHandler
                0x000000000800072c                EXTI9_5_IRQHandler
                0x000000000800072c                DMA1_CH2_IRQHandler
                0x000000000800072c                RTC_WKUP_IRQHandler
                0x000000000800072c                SAI_IRQHandler
                0x000000000800072c                PVD_PVM_IRQHandler
                0x000000000800072c                SPI2_IRQHandler
                0x000000000800072c                DMA1_CH1_IRQHandler
                0x000000000800072c                MemManage_Handler
                0x000000000800072c                ADC5_IRQHandler
                0x000000000800072c                SVC_Handler
                0x000000000800072c                CRS_IRQHandler
                0x000000000800072c                USB_LP_IRQHandler
                0x000000000800072c                EXTI4_IRQHandler
                0x000000000800072c                RNG_IRQHandler
                0x000000000800072c                FDCAN2_IT1_IRQHandler
                0x000000000800072c                HRTIM_TIMF_IRQn_IRQHandler
                0x000000000800072c                ADC4_IRQHandler
                0x000000000800072c                HRTIM_TIMA_IRQn_IRQHandler
                0x000000000800072c                WWDG_IRQHandler
                0x000000000800072c                I2C4_EV_IRQHandler
                0x000000000800072c                FDCAN2_IT0_IRQHandler
                0x000000000800072c                FDCAN1_IT0_IRQHandler
                0x000000000800072c                TIM2_IRQHandler
                0x000000000800072c                COMP7_IRQHandler
                0x000000000800072c                COMP1_2_3_IRQHandler
                0x000000000800072c                EXTI1_IRQHandler
                0x000000000800072c                HRTIM_TIMC_IRQn_IRQHandler
                0x000000000800072c                USART2_IRQHandler
                0x000000000800072c                COMP4_5_6_IRQHandler
                0x000000000800072c                TIM20_BRK_IRQHandler
                0x000000000800072c                I2C2_ER_IRQHandler
                0x000000000800072c                TIM8_BRK_IRQHandler
                0x000000000800072c                FLASH_IRQHandler
                0x000000000800072c                TIM20_CC_IRQHandler
                0x000000000800072c                BusFault_Handler
                0x000000000800072c                USART1_IRQHandler
                0x000000000800072c                SPI3_IRQHandler
                0x000000000800072c                DMA2_CH6_IRQHandler
                0x000000000800072c                DMA2_CH3_IRQHandler
                0x000000000800072c                DMA2_CH2_IRQHandler
                0x000000000800072c                I2C1_ER_IRQHandler
                0x000000000800072c                FMC_IRQHandler
                0x000000000800072c                DMA1_CH5_IRQHandler
                0x000000000800072c                DMA2_CH4_IRQHandler
                0x000000000800072c                LPTIM1_IRQHandler
                0x000000000800072c                DMAMUX_OVR_IRQHandler
                0x000000000800072c                I2C4_ER_IRQHandler
                0x000000000800072c                HRTIM_TIME_IRQn_IRQHandler
                0x000000000800072c                RTC_TAMP_CSS_LSE_IRQHandler
                0x000000000800072c                TIM1_BRK_TIM15_IRQHandler
 *fill*         0x000000000800072e        0x2 
 .text.__libc_init_array
                0x0000000008000730       0x48 C:/ST/STM32CubeIDE_1.14.0/STM32CubeIDE/plugins/com.st.stm32cube.ide.mcu.externaltools.gnu-tools-for-stm32.11.3.rel1.win32_1.1.100.202309141235/tools/bin/../lib/gcc/arm-none-eabi/11.3.1/../../../../arm-none-eabi/lib/thumb/v7e-m+fp/hard\libc_nano.a(libc_a-init.o)
                0x0000000008000730                __libc_init_array
 *(.glue_7)
 .glue_7        0x0000000008000778        0x0 linker stubs
 *(.glue_7t)
 .glue_7t       0x0000000008000778        0x0 linker stubs
 *(.eh_frame)
 .eh_frame      0x0000000008000778        0x0 C:/ST/STM32CubeIDE_1.14.0/STM32CubeIDE/plugins/com.st.stm32cube.ide.mcu.externaltools.gnu-tools-for-stm32.11.3.rel1.win32_1.1.100.202309141235/tools/bin/../lib/gcc/arm-none-eabi/11.3.1/thumb/v7e-m+fp/hard/crtbegin.o
 *(.init)
 .init          0x0000000008000778        0x4 C:/ST/STM32CubeIDE_1.14.0/STM32CubeIDE/plugins/com.st.stm32cube.ide.mcu.externaltools.gnu-tools-for-stm32.11.3.rel1.win32_1.1.100.202309141235/tools/bin/../lib/gcc/arm-none-eabi/11.3.1/thumb/v7e-m+fp/hard/crti.o
                0x0000000008000778                _init
 .init          0x000000000800077c        0x8 C:/ST/STM32CubeIDE_1.14.0/STM32CubeIDE/plugins/com.st.stm32cube.ide.mcu.externaltools.gnu-tools-for-stm32.11.3.rel1.win32_1.1.100.202309141235/tools/bin/../lib/gcc/arm-none-eabi/11.3.1/thumb/v7e-m+fp/hard/crtn.o
 *(.fini)
 .fini          0x0000000008000784        0x4 C:/ST/STM32CubeIDE_1.14.0/STM32CubeIDE/plugins/com.st.stm32cube.ide.mcu.externaltools.gnu-tools-for-stm32.11.3.rel1.win32_1.1.100.202309141235/tools/bin/../lib/gcc/arm-none-eabi/11.3.1/thumb/v7e-m+fp/hard/crti.o
                0x0000000008000784                _fini
 .fini          0x0000000008000788        0x8 C:/ST/STM32CubeIDE_1.14.0/STM32CubeIDE/plugins/com.st.stm32cube.ide.mcu.externaltools.gnu-tools-for-stm32.11.3.rel1.win32_1.1.100.202309141235/tools/bin/../lib/gcc/arm-none-eabi/11.3.1/thumb/v7e-m+fp/hard/crtn.o
                0x0000000008000790                . = ALIGN (0x4)
                0x0000000008000790                _etext = .

.vfp11_veneer   0x0000000008000790        0x0
 .vfp11_veneer  0x0000000008000790        0x0 linker stubs

.v4_bx          0x0000000008000790        0x0
 .v4_bx         0x0000000008000790        0x0 linker stubs

.iplt           0x0000000008000790        0x0
 .iplt          0x0000000008000790        0x0 C:/ST/STM32CubeIDE_1.14.0/STM32CubeIDE/plugins/com.st.stm32cube.ide.mcu.externaltools.gnu-tools-for-stm32.11.3.rel1.win32_1.1.100.202309141235/tools/bin/../lib/gcc/arm-none-eabi/11.3.1/thumb/v7e-m+fp/hard/crtbegin.o

.rel.dyn        0x0000000008000790        0x0
 .rel.iplt      0x0000000008000790        0x0 C:/ST/STM32CubeIDE_1.14.0/STM32CubeIDE/plugins/com.st.stm32cube.ide.mcu.externaltools.gnu-tools-for-stm32.11.3.rel1.win32_1.1.100.202309141235/tools/bin/../lib/gcc/arm-none-eabi/11.3.1/thumb/v7e-m+fp/hard/crtbegin.o

.rodata         0x0000000008000790        0x0
                0x0000000008000790                . = ALIGN (0x4)
 *(.rodata)
 *(.rodata*)
                0x0000000008000790                . = ALIGN (0x4)

.ARM.extab      0x0000000008000790        0x0
                0x0000000008000790                . = ALIGN (0x4)
 *(.ARM.extab* .gnu.linkonce.armextab.*)
                0x0000000008000790                . = ALIGN (0x4)

.ARM            0x0000000008000790        0x0
                0x0000000008000790                . = ALIGN (0x4)
                0x0000000008000790                __exidx_start = .
 *(.ARM.exidx*)
                0x0000000008000790                __exidx_end = .
                0x0000000008000790                . = ALIGN (0x4)

.preinit_array  0x0000000008000790        0x0
                0x0000000008000790                . = ALIGN (0x4)
                0x0000000008000790                PROVIDE (__preinit_array_start = .)
 *(.preinit_array*)
                0x0000000008000790                PROVIDE (__preinit_array_end = .)
                0x0000000008000790                . = ALIGN (0x4)

.init_array     0x0000000008000790        0x4
                0x0000000008000790                . = ALIGN (0x4)
                0x0000000008000790                PROVIDE (__init_array_start = .)
 *(SORT_BY_NAME(.init_array.*))
 *(.init_array*)
 .init_array    0x0000000008000790        0x4 C:/ST/STM32CubeIDE_1.14.0/STM32CubeIDE/plugins/com.st.stm32cube.ide.mcu.externaltools.gnu-tools-for-stm32.11.3.rel1.win32_1.1.100.202309141235/tools/bin/../lib/gcc/arm-none-eabi/11.3.1/thumb/v7e-m+fp/hard/crtbegin.o
                0x0000000008000794                PROVIDE (__init_array_end = .)
                0x0000000008000794                . = ALIGN (0x4)

.fini_array     0x0000000008000794        0x4
                0x0000000008000794                . = ALIGN (0x4)
                [!provide]                        PROVIDE (__fini_array_start = .)
 *(SORT_BY_NAME(.fini_array.*))
 *(.fini_array*)
 .fini_array    0x0000000008000794        0x4 C:/ST/STM32CubeIDE_1.14.0/STM32CubeIDE/plugins/com.st.stm32cube.ide.mcu.externaltools.gnu-tools-for-stm32.11.3.rel1.win32_1.1.100.202309141235/tools/bin/../lib/gcc/arm-none-eabi/11.3.1/thumb/v7e-m+fp/hard/crtbegin.o
                [!provide]                        PROVIDE (__fini_array_end = .)
                0x0000000008000798                . = ALIGN (0x4)
                0x0000000008000798                _sidata = LOADADDR (.data)

.data           0x0000000020000000        0x0 load address 0x0000000008000798
                0x0000000020000000                . = ALIGN (0x4)
                0x0000000020000000                _sdata = .
 *(.data)
 *(.data*)
 *(.RamFunc)
 *(.RamFunc*)
                0x0000000020000000                . = ALIGN (0x4)
                0x0000000020000000                _edata = .
                0x0000000008000798                _siccmsram = LOADADDR (.ccmsram)

.igot.plt       0x0000000020000000        0x0 load address 0x0000000008000798
 .igot.plt      0x0000000020000000        0x0 C:/ST/STM32CubeIDE_1.14.0/STM32CubeIDE/plugins/com.st.stm32cube.ide.mcu.externaltools.gnu-tools-for-stm32.11.3.rel1.win32_1.1.100.202309141235/tools/bin/../lib/gcc/arm-none-eabi/11.3.1/thumb/v7e-m+fp/hard/crtbegin.o

.ccmsram        0x0000000010000000        0x0 load address 0x0000000008000798
                0x0000000010000000                . = ALIGN (0x4)
                0x0000000010000000                _sccmsram = .
 *(.ccmsram)
 *(.ccmsram*)
                0x0000000010000000                . = ALIGN (0x4)
                0x0000000010000000                _eccmsram = .
                0x0000000010000000                . = ALIGN (0x4)

.bss            0x0000000020000000       0x2c
                0x0000000020000000                _sbss = .
                0x0000000020000000                __bss_start__ = _sbss
 *(.bss)
 .bss           0x0000000020000000       0x1c C:/ST/STM32CubeIDE_1.14.0/STM32CubeIDE/plugins/com.st.stm32cube.ide.mcu.externaltools.gnu-tools-for-stm32.11.3.rel1.win32_1.1.100.202309141235/tools/bin/../lib/gcc/arm-none-eabi/11.3.1/thumb/v7e-m+fp/hard/crtbegin.o
 *(.bss*)
 .bss.TimerLD2  0x000000002000001c        0xc ./Src/main.o
                0x000000002000001c                TimerLD2
 .bss.Tick      0x0000000020000028        0x4 ./Src/sys_clocks.o
                0x0000000020000028                Tick
 *(COMMON)
                0x000000002000002c                . = ALIGN (0x4)
                0x000000002000002c                _ebss = .
                0x000000002000002c                __bss_end__ = _ebss

._user_heap_stack
                0x000000002000002c      0x604
                0x0000000020000030                . = ALIGN (0x8)
 *fill*         0x000000002000002c        0x4 
                [!provide]                        PROVIDE (end = .)
                0x0000000020000030                PROVIDE (_end = .)
                0x0000000020000230                . = (. + _Min_Heap_Size)
 *fill*         0x0000000020000030      0x200 
                0x0000000020000630                . = (. + _Min_Stack_Size)
 *fill*         0x0000000020000230      0x400 
                0x0000000020000630                . = ALIGN (0x8)

/DISCARD/
 libc.a(*)
 libm.a(*)
 libgcc.a(*)

.ARM.attributes
                0x0000000000000000       0x30
 *(.ARM.attributes)
 .ARM.attributes
                0x0000000000000000       0x1e C:/ST/STM32CubeIDE_1.14.0/STM32CubeIDE/plugins/com.st.stm32cube.ide.mcu.externaltools.gnu-tools-for-stm32.11.3.rel1.win32_1.1.100.202309141235/tools/bin/../lib/gcc/arm-none-eabi/11.3.1/thumb/v7e-m+fp/hard/crti.o
 .ARM.attributes
                0x000000000000001e       0x34 C:/ST/STM32CubeIDE_1.14.0/STM32CubeIDE/plugins/com.st.stm32cube.ide.mcu.externaltools.gnu-tools-for-stm32.11.3.rel1.win32_1.1.100.202309141235/tools/bin/../lib/gcc/arm-none-eabi/11.3.1/thumb/v7e-m+fp/hard/crtbegin.o
 .ARM.attributes
                0x0000000000000052       0x34 ./Src/button_hw.o
 .ARM.attributes
                0x0000000000000086       0x34 ./Src/interrupts.o
 .ARM.attributes
                0x00000000000000ba       0x34 ./Src/led.o
 .ARM.attributes
                0x00000000000000ee       0x34 ./Src/main.o
 .ARM.attributes
                0x0000000000000122       0x34 ./Src/software_timers.o
 .ARM.attributes
                0x0000000000000156       0x34 ./Src/sys_clocks.o
 .ARM.attributes
                0x000000000000018a       0x21 ./Startup/startup_stm32g474retx.o
 .ARM.attributes
                0x00000000000001ab       0x34 C:/ST/STM32CubeIDE_1.14.0/STM32CubeIDE/plugins/com.st.stm32cube.ide.mcu.externaltools.gnu-tools-for-stm32.11.3.rel1.win32_1.1.100.202309141235/tools/bin/../lib/gcc/arm-none-eabi/11.3.1/../../../../arm-none-eabi/lib/thumb/v7e-m+fp/hard\libc_nano.a(libc_a-init.o)
 .ARM.attributes
                0x00000000000001df       0x1e C:/ST/STM32CubeIDE_1.14.0/STM32CubeIDE/plugins/com.st.stm32cube.ide.mcu.externaltools.gnu-tools-for-stm32.11.3.rel1.win32_1.1.100.202309141235/tools/bin/../lib/gcc/arm-none-eabi/11.3.1/thumb/v7e-m+fp/hard/crtn.o
OUTPUT(M3_EXTI.elf elf32-littlearm)
LOAD linker stubs
LOAD C:/ST/STM32CubeIDE_1.14.0/STM32CubeIDE/plugins/com.st.stm32cube.ide.mcu.externaltools.gnu-tools-for-stm32.11.3.rel1.win32_1.1.100.202309141235/tools/bin/../lib/gcc/arm-none-eabi/11.3.1/../../../../arm-none-eabi/lib/thumb/v7e-m+fp/hard\libc.a
LOAD C:/ST/STM32CubeIDE_1.14.0/STM32CubeIDE/plugins/com.st.stm32cube.ide.mcu.externaltools.gnu-tools-for-stm32.11.3.rel1.win32_1.1.100.202309141235/tools/bin/../lib/gcc/arm-none-eabi/11.3.1/../../../../arm-none-eabi/lib/thumb/v7e-m+fp/hard\libm.a
LOAD C:/ST/STM32CubeIDE_1.14.0/STM32CubeIDE/plugins/com.st.stm32cube.ide.mcu.externaltools.gnu-tools-for-stm32.11.3.rel1.win32_1.1.100.202309141235/tools/bin/../lib/gcc/arm-none-eabi/11.3.1/thumb/v7e-m+fp/hard\libgcc.a

.comment        0x0000000000000000       0x43
 .comment       0x0000000000000000       0x43 C:/ST/STM32CubeIDE_1.14.0/STM32CubeIDE/plugins/com.st.stm32cube.ide.mcu.externaltools.gnu-tools-for-stm32.11.3.rel1.win32_1.1.100.202309141235/tools/bin/../lib/gcc/arm-none-eabi/11.3.1/thumb/v7e-m+fp/hard/crtbegin.o
                                         0x44 (size before relaxing)
 .comment       0x0000000000000043       0x44 ./Src/button_hw.o
 .comment       0x0000000000000043       0x44 ./Src/interrupts.o
 .comment       0x0000000000000043       0x44 ./Src/led.o
 .comment       0x0000000000000043       0x44 ./Src/main.o
 .comment       0x0000000000000043       0x44 ./Src/software_timers.o
 .comment       0x0000000000000043       0x44 ./Src/sys_clocks.o

.debug_info     0x0000000000000000     0x2255
 .debug_info    0x0000000000000000      0xbc4 ./Src/button_hw.o
 .debug_info    0x0000000000000bc4      0x160 ./Src/interrupts.o
 .debug_info    0x0000000000000d24      0x366 ./Src/led.o
 .debug_info    0x000000000000108a      0x35a ./Src/main.o
 .debug_info    0x00000000000013e4      0x182 ./Src/software_timers.o
 .debug_info    0x0000000000001566      0xccc ./Src/sys_clocks.o
 .debug_info    0x0000000000002232       0x23 ./Startup/startup_stm32g474retx.o

.debug_abbrev   0x0000000000000000      0x76d
 .debug_abbrev  0x0000000000000000      0x1bc ./Src/button_hw.o
 .debug_abbrev  0x00000000000001bc       0x9f ./Src/interrupts.o
 .debug_abbrev  0x000000000000025b       0xb6 ./Src/led.o
 .debug_abbrev  0x0000000000000311      0x185 ./Src/main.o
 .debug_abbrev  0x0000000000000496       0xe5 ./Src/software_timers.o
 .debug_abbrev  0x000000000000057b      0x1e0 ./Src/sys_clocks.o
 .debug_abbrev  0x000000000000075b       0x12 ./Startup/startup_stm32g474retx.o

.debug_aranges  0x0000000000000000      0x1a0
 .debug_aranges
                0x0000000000000000       0x50 ./Src/button_hw.o
 .debug_aranges
                0x0000000000000050       0x20 ./Src/interrupts.o
 .debug_aranges
                0x0000000000000070       0x38 ./Src/led.o
 .debug_aranges
                0x00000000000000a8       0x30 ./Src/main.o
 .debug_aranges
                0x00000000000000d8       0x38 ./Src/software_timers.o
 .debug_aranges
                0x0000000000000110       0x68 ./Src/sys_clocks.o
 .debug_aranges
                0x0000000000000178       0x28 ./Startup/startup_stm32g474retx.o

.debug_rnglists
                0x0000000000000000      0x118
 .debug_rnglists
                0x0000000000000000       0x37 ./Src/button_hw.o
 .debug_rnglists
                0x0000000000000037       0x13 ./Src/interrupts.o
 .debug_rnglists
                0x000000000000004a       0x25 ./Src/led.o
 .debug_rnglists
                0x000000000000006f       0x1f ./Src/main.o
 .debug_rnglists
                0x000000000000008e       0x25 ./Src/software_timers.o
 .debug_rnglists
                0x00000000000000b3       0x4c ./Src/sys_clocks.o
 .debug_rnglists
                0x00000000000000ff       0x19 ./Startup/startup_stm32g474retx.o

.debug_macro    0x0000000000000000    0x1b33c
 .debug_macro   0x0000000000000000       0xf0 ./Src/button_hw.o
 .debug_macro   0x00000000000000f0      0xab4 ./Src/button_hw.o
 .debug_macro   0x0000000000000ba4       0x22 ./Src/button_hw.o
 .debug_macro   0x0000000000000bc6       0x8e ./Src/button_hw.o
 .debug_macro   0x0000000000000c54       0x51 ./Src/button_hw.o
 .debug_macro   0x0000000000000ca5      0x103 ./Src/button_hw.o
 .debug_macro   0x0000000000000da8       0x6a ./Src/button_hw.o
 .debug_macro   0x0000000000000e12      0x1df ./Src/button_hw.o
 .debug_macro   0x0000000000000ff1       0x28 ./Src/button_hw.o
 .debug_macro   0x0000000000001019       0x28 ./Src/button_hw.o
 .debug_macro   0x0000000000001041       0x1c ./Src/button_hw.o
 .debug_macro   0x000000000000105d       0x22 ./Src/button_hw.o
 .debug_macro   0x000000000000107f       0xfb ./Src/button_hw.o
 .debug_macro   0x000000000000117a     0x1011 ./Src/button_hw.o
 .debug_macro   0x000000000000218b      0x11f ./Src/button_hw.o
 .debug_macro   0x00000000000022aa    0x18b45 ./Src/button_hw.o
 .debug_macro   0x000000000001adef       0x6d ./Src/button_hw.o
 .debug_macro   0x000000000001ae5c       0x28 ./Src/button_hw.o
 .debug_macro   0x000000000001ae84       0xe6 ./Src/interrupts.o
 .debug_macro   0x000000000001af6a       0xf0 ./Src/led.o
 .debug_macro   0x000000000001b05a      0x108 ./Src/main.o
 .debug_macro   0x000000000001b162       0xf0 ./Src/software_timers.o
 .debug_macro   0x000000000001b252       0xea ./Src/sys_clocks.o

.debug_line     0x0000000000000000     0x2431
 .debug_line    0x0000000000000000      0x637 ./Src/button_hw.o
 .debug_line    0x0000000000000637      0x50e ./Src/interrupts.o
 .debug_line    0x0000000000000b45      0x550 ./Src/led.o
 .debug_line    0x0000000000001095      0x57f ./Src/main.o
 .debug_line    0x0000000000001614      0x58e ./Src/software_timers.o
 .debug_line    0x0000000000001ba2      0x814 ./Src/sys_clocks.o
 .debug_line    0x00000000000023b6       0x7b ./Startup/startup_stm32g474retx.o

.debug_str      0x0000000000000000    0x9ea79
 .debug_str     0x0000000000000000    0x9e769 ./Src/button_hw.o
                                      0x9e935 (size before relaxing)
 .debug_str     0x000000000009e769       0x29 ./Src/interrupts.o
                                      0x9dfed (size before relaxing)
 .debug_str     0x000000000009e792       0x48 ./Src/led.o
                                      0x9e135 (size before relaxing)
 .debug_str     0x000000000009e7da       0xa2 ./Src/main.o
                                      0x9e117 (size before relaxing)
 .debug_str     0x000000000009e87c       0x43 ./Src/software_timers.o
                                      0x9e01c (size before relaxing)
 .debug_str     0x000000000009e8bf      0x18b ./Src/sys_clocks.o
                                      0x9e968 (size before relaxing)
 .debug_str     0x000000000009ea4a       0x2f ./Startup/startup_stm32g474retx.o
                                         0x67 (size before relaxing)

.debug_frame    0x0000000000000000      0x468
 .debug_frame   0x0000000000000000      0x104 ./Src/button_hw.o
 .debug_frame   0x0000000000000104       0x30 ./Src/interrupts.o
 .debug_frame   0x0000000000000134       0x90 ./Src/led.o
 .debug_frame   0x00000000000001c4       0x70 ./Src/main.o
 .debug_frame   0x0000000000000234       0xa8 ./Src/software_timers.o
 .debug_frame   0x00000000000002dc      0x160 ./Src/sys_clocks.o
 .debug_frame   0x000000000000043c       0x2c C:/ST/STM32CubeIDE_1.14.0/STM32CubeIDE/plugins/com.st.stm32cube.ide.mcu.externaltools.gnu-tools-for-stm32.11.3.rel1.win32_1.1.100.202309141235/tools/bin/../lib/gcc/arm-none-eabi/11.3.1/../../../../arm-none-eabi/lib/thumb/v7e-m+fp/hard\libc_nano.a(libc_a-init.o)

.debug_line_str
                0x0000000000000000       0x5b
 .debug_line_str
                0x0000000000000000       0x5b ./Startup/startup_stm32g474retx.o
                                         0x73 (size before relaxing)
